====================
=................===
================.===
================.===
================.===
======.............=
===========.========
=========.......====
=============S======
=============*======
=============*======
=............*****.=
====.============*==
====..........****==
=====....====.*=====
==============*=====
==============*=====
==============*=====
==============*=====
==============E=====
south
south
south
east
east
east
east
south
south
west
west
west
south
south
south
south
south
south
