E*==================
=*==================
=***************...=
======.========*====
======.======..***.=
=================*.=
=............===**.=
===========.....*..=
================*===
===========.....***=
==================*S
==================.=
=..............==..=
=========.=.=...=..=
=====.===......=...=
=====.......========
===========......===
=............=======
============.......=
====================
west
north
west
west
north
north
north
east
north
north
west
west
north
north
west
west
west
west
west
west
west
west
west
west
west
west
west
west
north
north
west
